         512         729           9         512        4096         729           0
         294           8         345         347         346         351         350         349         348
         295         345         359         346         358         350         357         348         356
         302         359         352         358         353         357         355         356         354
         303         352         470         353         469         355         468         354         467
         358         470         408         469         409         468         411         467         410
         359         408         422         409         421         411         420         410         419
         366         422         412         421         414         420         418         419         417
         367         412           7         414         413         418         416         417         415
         292         347         346         375         374         349         348         373         372
         293         346         358         374         371         348         356         372         370
         300         358         353         371         369         356         354         370         368
         301         353         469         369         466         354         467         368         465
         356         469         409         466         438         467         410         465         437
         357         409         421         438         436         410         419         437         435
         364         421         414         436         434         419         417         435         433
         365         414         413         434         432         417         415         433         431
         310         375         374         361         360         373         372         363         362
         311         374         371         360         367         372         370         362         366
         318         371         369         367         364         370         368         366         365
         319         369         466         364         464         368         465         365         463
         374         466         438         464         423         465         437         463         424
         375         438         436         423         430         437         435         424         429
         382         436         434         430         426         435         433         429         428
         383         434         432         426         425         433         431         428         427
         308         361         360         648         647         363         362         646         645
         309         360         367         647         644         362         366         645         643
         316         367         364         644         642         366         365         643         641
         317         364         464         642         640         365         463         641         639
         372         464         423         640         638         463         424         639         637
         373         423         430         638         636         424         429         637         635
         380         430         426         636         634         429         428         635         633
         381         426         425         634         632         428         427         633         631
         422         648         647         488         487         646         645         490         489
         423         647         644         487         494         645         643         489         493
         430         644         642         494         491         643         641         493         492
         431         642         640         491         612         641         639         492         611
         486         640         638         612         550         639         637         611         551
         487         638         636         550         557         637         635         551         556
         494         636         634         557         553         635         633         556         555
         495         634         632         553         552         633         631         555         554
         420         488         487         517         516         490         489         515         514
         421         487         494         516         513         489         493         514         512
         428         494         491         513         511         493         492         512         510
         429         491         612         511         610         492         611         510         609
         484         612         550         610         580         611         551         609         579
         485         550         557         580         578         551         556         579         577
         492         557         553         578         576         556         555         577         575
         493         553         552         576         574         555         554         575         573
         438         517         516         497         496         515         514         501         500
         439         516         513         496         509         514         512         500         508
         446         513         511         509         503         512         510         508         505
         447         511         610         503         608         510         609         505         607
         502         610         580         608         559         609         579         607         561
         503         580         578         559         572         579         577         561         571
         510         578         576         572         564         577         575         571         568
         511         576         574         564         563         575         573         568         567
         436         497         496           6         495         501         500         499         498
         437         496         509         495         507         500         508         498         506
         444         509         503         507         502         508         505         506         504
         445         503         608         502         606         505         607         504         605
         500         608         559         606         558         607         561         605         560
         501         559         572         558         570         561         571         560         569
         508         572         564         570         562         571         568         569         566
         509         564         563         562           5         568         567         566         565
         290         351         350         349         348         391         390         389         388
         291         350         357         348         356         390         387         388         386
         298         357         355         356         354         387         385         386         384
         299         355         468         354         467         385         462         384         461
         354         468         411         467         410         462         454         461         453
         355         411         420         410         419         454         452         453         451
         362         420         418         419         417         452         450         451         449
         363         418         416         417         415         450         448         449         447
         288         349         348         373         372         389         388         383         382
         289         348         356         372         370         388         386         382         381
         296         356         354         370         368         386         384         381         380
         297         354         467         368         465         384         461         380         460
         352         467         410         465         437         461         453         460         446
         353         410         419         437         435         453         451         446         445
         360         419         417         435         433         451         449         445         444
         361         417         415         433         431         449         447         444         443
         306         373         372         363         362         383         382         379         378
         307         372         370         362         366         382         381         378         377
         314         370         368         366         365         381         380         377         376
         315         368         465         365         463         380         460         376         459
         370         465         437         463         424         460         446         459         442
         371         437         435         424         429         446         445         442         441
         378         435         433         429         428         445         444         441         440
         379         433         431         428         427         444         443         440         439
         304         363         362         646         645         379         378         630         629
         305         362         366         645         643         378         377         629         628
         312         366         365         643         641         377         376         628         627
         313         365         463         641         639         376         459         627         626
         368         463         424         639         637         459         442         626         625
         369         424         429         637         635         442         441         625         624
         376         429         428         635         633         441         440         624         623
         377         428         427         633         631         440         439         623         622
         418         646         645         490         489         630         629         533         532
         419         645         643         489         493         629         628         532         531
         426         643         641         493         492         628         627         531         530
         427         641         639         492         611         627         626         530         604
         482         639         637         611         551         626         625         604         596
         483         637         635         551         556         625         624         596         595
         490         635         633         556         555         624         623         595         594
         491         633         631         555         554         623         622         594         593
         416         490         489         515         514         533         532         529         528
         417         489         493         514         512         532         531         528         527
         424         493         492         512         510         531         530         527         526
         425         492         611         510         609         530         604         526         603
         480         611         551         609         579         604         596         603         592
         481         551         556         579         577         596         595         592         591
         488         556         555         577         575         595         594         591         590
         489         555         554         575         573         594         593         590         589
         434         515         514         501         500         529         528         525         524
         435         514         512         500         508         528         527         524         523
         442         512         510         508         505         527         526         523         522
         443         510         609         505         607         526         603         522         602
         498         609         579         607         561         603         592         602         588
         499         579         577         561         571         592         591         588         587
         506         577         575         571         568         591         590         587         586
         507         575         573         568         567         590         589         586         585
         432         501         500         499         498         525         524         521         520
         433         500         508         498         506         524         523         520         519
         440         508         505         506         504         523         522         519         518
         441         505         607         504         605         522         602         518         601
         496         607         561         605         560         602         588         601         584
         497         561         571         560         569         588         587         584         583
         504         571         568         569         566         587         586         583         582
         505         568         567         566         565         586         585         582         581
         262         391         390         389         388         332         331         330         329
         263         390         387         388         386         331         336         329         335
         270         387         385         386         384         336         334         335         333
         271         385         462         384         461         334         458         333         457
         326         462         454         461         453         458         393         457         392
         327         454         452         453         451         393         399         392         398
         334         452         450         451         449         399         397         398         396
         335         450         448         449         447         397         395         396         394
         260         389         388         383         382         330         329         344         343
         261         388         386         382         381         329         335         343         342
         268         386         384         381         380         335         333         342         341
         269         384         461         380         460         333         457         341         456
         324         461         453         460         446         457         392         456         407
         325         453         451         446         445         392         398         407         406
         332         451         449         445         444         398         396         406         405
         333         449         447         444         443         396         394         405         404
         278         383         382         379         378         344         343         338         337
         279         382         381         378         377         343         342         337         340
         286         381         380         377         376         342         341         340         339
         287         380         460         376         459         341         456         339         455
         342         460         446         459         442         456         407         455         400
         343         446         445         442         441         407         406         400         403
         350         445         444         441         440         406         405         403         402
         351         444         443         440         439         405         404         402         401
         276         379         378         630         629         338         337         621         620
         277         378         377         629         628         337         340         620         619
         284         377         376         628         627         340         339         619         618
         285         376         459         627         626         339         455         618         617
         340         459         442         626         625         455         400         617         616
         341         442         441         625         624         400         403         616         615
         348         441         440         624         623         403         402         615         614
         349         440         439         623         622         402         401         614         613
         390         630         629         533         532         621         620         472         471
         391         629         628         532         531         620         619         471         474
         398         628         627         531         530         619         618         474         473
         399         627         626         530         604         618         617         473         600
         454         626         625         604         596         617         616         600         534
         455         625         624         596         595         616         615         534         537
         462         624         623         595         594         615         614         537         536
         463         623         622         594         593         614         613         536         535
         388         533         532         529         528         472         471         486         485
         389         532         531         528         527         471         474         485         484
         396         531         530         527         526         474         473         484         483
         397         530         604         526         603         473         600         483         599
         452         604         596         603         592         600         534         599         549
         453         596         595         592         591         534         537         549         548
         460         595         594         591         590         537         536         548         547
         461         594         593         590         589         536         535         547         546
         406         529         528         525         524         486         485         478         477
         407         528         527         524         523         485         484         477         482
         414         527         526         523         522         484         483         482         480
         415         526         603         522         602         483         599         480         598
         470         603         592         602         588         599         549         598         539
         471         592         591         588         587         549         548         539         545
         478         591         590         587         586         548         547         545         543
         479         590         589         586         585         547         546         543         542
         404         525         524         521         520         478         477         476         475
         405         524         523         520         519         477         482         475         481
         412         523         522         519         518         482         480         481         479
         413         522         602         518         601         480         598         479         597
         468         602         588         601         584         598         539         597         538
         469         588         587         584         583         539         545         538         544
         476         587         586         583         582         545         543         544         541
         477         586         585         582         581         543         542         541         540
         258         332         331         330         329         729         728         727         726
         259         331         336         329         335         728         725         726         724
         266         336         334         335         333         725         723         724         722
         267         334         458         333         457         723         721         722         720
         322         458         393         457         392         721         719         720         718
         323         393         399         392         398         719         717         718         716
         330         399         397         398         396         717         715         716         714
         331         397         395         396         394         715         713         714         712
         256         330         329         344         343         727         726         711         710
         257         329         335         343         342         726         724         710         709
         264         335         333         342         341         724         722         709         708
         265         333         457         341         456         722         720         708         707
         320         457         392         456         407         720         718         707         706
         321         392         398         407         406         718         716         706         705
         328         398         396         406         405         716         714         705         704
         329         396         394         405         404         714         712         704         703
         274         344         343         338         337         711         710         702         701
         275         343         342         337         340         710         709         701         700
         282         342         341         340         339         709         708         700         699
         283         341         456         339         455         708         707         699         698
         338         456         407         455         400         707         706         698         697
         339         407         406         400         403         706         705         697         696
         346         406         405         403         402         705         704         696         695
         347         405         404         402         401         704         703         695         694
         272         338         337         621         620         702         701         693         692
         273         337         340         620         619         701         700         692         691
         280         340         339         619         618         700         699         691         690
         281         339         455         618         617         699         698         690         689
         336         455         400         617         616         698         697         689         688
         337         400         403         616         615         697         696         688         687
         344         403         402         615         614         696         695         687         686
         345         402         401         614         613         695         694         686         685
         386         621         620         472         471         693         692         684         683
         387         620         619         471         474         692         691         683         682
         394         619         618         474         473         691         690         682         681
         395         618         617         473         600         690         689         681         680
         450         617         616         600         534         689         688         680         679
         451         616         615         534         537         688         687         679         678
         458         615         614         537         536         687         686         678         677
         459         614         613         536         535         686         685         677         676
         384         472         471         486         485         684         683         675         674
         385         471         474         485         484         683         682         674         673
         392         474         473         484         483         682         681         673         672
         393         473         600         483         599         681         680         672         671
         448         600         534         599         549         680         679         671         670
         449         534         537         549         548         679         678         670         669
         456         537         536         548         547         678         677         669         668
         457         536         535         547         546         677         676         668         667
         402         486         485         478         477         675         674         666         665
         403         485         484         477         482         674         673         665         664
         410         484         483         482         480         673         672         664         663
         411         483         599         480         598         672         671         663         662
         466         599         549         598         539         671         670         662         661
         467         549         548         539         545         670         669         661         660
         474         548         547         545         543         669         668         660         659
         475         547         546         543         542         668         667         659         658
         400         478         477         476         475         666         665         657         656
         401         477         482         475         481         665         664         656         655
         408         482         480         481         479         664         663         655         654
         409         480         598         479         597         663         662         654         653
         464         598         539         597         538         662         661         653         652
         465         539         545         538         544         661         660         652         651
         472         545         543         544         541         660         659         651         650
         473         543         542         541         540         659         658         650         649
          38         729         728         727         726          43          42          41          40
          39         728         725         726         724          42          47          40          46
          46         725         723         724         722          47          45          46          44
          47         723         721         722         720          45         150          44         149
         102         721         719         720         718         150         104         149         103
         103         719         717         718         716         104         110         103         109
         110         717         715         716         714         110         108         109         107
         111         715         713         714         712         108         106         107         105
          36         727         726         711         710          41          40          55          54
          37         726         724         710         709          40          46          54          53
          44         724         722         709         708          46          44          53          52
          45         722         720         708         707          44         149          52         148
         100         720         718         707         706         149         103         148         118
         101         718         716         706         705         103         109         118         117
         108         716         714         705         704         109         107         117         116
         109         714         712         704         703         107         105         116         115
          54         711         710         702         701          55          54          49          48
          55         710         709         701         700          54          53          48          51
          62         709         708         700         699          53          52          51          50
          63         708         707         699         698          52         148          50         147
         118         707         706         698         697         148         118         147         111
         119         706         705         697         696         118         117         111         114
         126         705         704         696         695         117         116         114         113
         127         704         703         695         694         116         115         113         112
          52         702         701         693         692          49          48         328         327
          53         701         700         692         691          48          51         327         326
          60         700         699         691         690          51          50         326         325
          61         699         698         690         689          50         147         325         324
         116         698         697         689         688         147         111         324         323
         117         697         696         688         687         111         114         323         322
         124         696         695         687         686         114         113         322         321
         125         695         694         686         685         113         112         321         320
         166         693         692         684         683         328         327         183         182
         167         692         691         683         682         327         326         182         185
         174         691         690         682         681         326         325         185         184
         175         690         689         681         680         325         324         184         292
         230         689         688         680         679         324         323         292         245
         231         688         687         679         678         323         322         245         248
         238         687         686         678         677         322         321         248         247
         239         686         685         677         676         321         320         247         246
         164         684         683         675         674         183         182         197         196
         165         683         682         674         673         182         185         196         195
         172         682         681         673         672         185         184         195         194
         173         681         680         672         671         184         292         194         291
         228         680         679         671         670         292         245         291         260
         229         679         678         670         669         245         248         260         259
         236         678         677         669         668         248         247         259         258
         237         677         676         668         667         247         246         258         257
         182         675         674         666         665         197         196         189         188
         183         674         673         665         664         196         195         188         193
         190         673         672         664         663         195         194         193         191
         191         672         671         663         662         194         291         191         290
         246         671         670         662         661         291         260         290         250
         247         670         669         661         660         260         259         250         256
         254         669         668         660         659         259         258         256         254
         255         668         667         659         658         258         257         254         253
         180         666         665         657         656         189         188         187         186
         181         665         664         656         655         188         193         186         192
         188         664         663         655         654         193         191         192         190
         189         663         662         654         653         191         290         190         289
         244         662         661         653         652         290         250         289         249
         245         661         660         652         651         250         256         249         255
         252         660         659         651         650         256         254         255         252
         253         659         658         650         649         254         253         252         251
          34          43          42          41          40          71          70          69          68
          35          42          47          40          46          70          67          68          66
          42          47          45          46          44          67          65          66          64
          43          45         150          44         149          65         146          64         145
          98         150         104         149         103         146         134         145         133
          99         104         110         103         109         134         132         133         131
         106         110         108         109         107         132         130         131         129
         107         108         106         107         105         130         128         129         127
          32          41          40          55          54          69          68          63          62
          33          40          46          54          53          68          66          62          61
          40          46          44          53          52          66          64          61          60
          41          44         149          52         148          64         145          60         144
          96         149         103         148         118         145         133         144         126
          97         103         109         118         117         133         131         126         125
         104         109         107         117         116         131         129         125         124
         105         107         105         116         115         129         127         124         123
          50          55          54          49          48          63          62          59          58
          51          54          53          48          51          62          61          58          57
          58          53          52          51          50          61          60          57          56
          59          52         148          50         147          60         144          56         143
         114         148         118         147         111         144         126         143         122
         115         118         117         111         114         126         125         122         121
         122         117         116         114         113         125         124         121         120
         123         116         115         113         112         124         123         120         119
          48          49          48         328         327          59          58         319         318
          49          48          51         327         326          58          57         318         317
          56          51          50         326         325          57          56         317         316
          57          50         147         325         324          56         143         316         315
         112         147         111         324         323         143         122         315         314
         113         111         114         323         322         122         121         314         313
         120         114         113         322         321         121         120         313         312
         121         113         112         321         320         120         119         312         311
         162         328         327         183         182         319         318         213         212
         163         327         326         182         185         318         317         212         211
         170         326         325         185         184         317         316         211         210
         171         325         324         184         292         316         315         210         288
         226         324         323         292         245         315         314         288         276
         227         323         322         245         248         314         313         276         275
         234         322         321         248         247         313         312         275         274
         235         321         320         247         246         312         311         274         273
         160         183         182         197         196         213         212         209         208
         161         182         185         196         195         212         211         208         207
         168         185         184         195         194         211         210         207         206
         169         184         292         194         291         210         288         206         287
         224         292         245         291         260         288         276         287         272
         225         245         248         260         259         276         275         272         271
         232         248         247         259         258         275         274         271         270
         233         247         246         258         257         274         273         270         269
         178         197         196         189         188         209         208         205         204
         179         196         195         188         193         208         207         204         203
         186         195         194         193         191         207         206         203         202
         187         194         291         191         290         206         287         202         286
         242         291         260         290         250         287         272         286         268
         243         260         259         250         256         272         271         268         267
         250         259         258         256         254         271         270         267         266
         251         258         257         254         253         270         269         266         265
         176         189         188         187         186         205         204         201         200
         177         188         193         186         192         204         203         200         199
         184         193         191         192         190         203         202         199         198
         185         191         290         190         289         202         286         198         285
         240         290         250         289         249         286         268         285         264
         241         250         256         249         255         268         267         264         263
         248         256         254         255         252         267         266         263         262
         249         254         253         252         251         266         265         262         261
           6          71          70          69          68          15          14          13          12
           7          70          67          68          66          14          23          12          22
          14          67          65          66          64          23          19          22          18
          15          65         146          64         145          19         142          18         141
          70         146         134         145         133         142          75         141          74
          71         134         132         133         131          75          86          74          85
          78         132         130         131         129          86          82          85          81
          79         130         128         129         127          82          80          81          79
           4          69          68          63          62          13          12          39          38
           5          68          66          62          61          12          22          38          37
          12          66          64          61          60          22          18          37          36
          13          64         145          60         144          18         141          36         140
          68         145         133         144         126         141          74         140         102
          69         133         131         126         125          74          85         102         101
          76         131         129         125         124          85          81         101         100
          77         129         127         124         123          81          79         100          99
          22          63          62          59          58          39          38          27          26
          23          62          61          58          57          38          37          26          31
          30          61          60          57          56          37          36          31          29
          31          60         144          56         143          36         140          29         139
          86         144         126         143         122         140         102         139          88
          87         126         125         122         121         102         101          88          94
          94         125         124         121         120         101         100          94          92
          95         124         123         120         119         100          99          92          91
          20          59          58         319         318          27          26         310         309
          21          58          57         318         317          26          31         309         308
          28          57          56         317         316          31          29         308         307
          29          56         143         316         315          29         139         307         306
          84         143         122         315         314         139          88         306         305
          85         122         121         314         313          88          94         305         304
          92         121         120         313         312          94          92         304         303
          93         120         119         312         311          92          91         303         302
         134         319         318         213         212         310         309         154         153
         135         318         317         212         211         309         308         153         158
         142         317         316         211         210         308         307         158         156
         143         316         315         210         288         307         306         156         284
         198         315         314         288         276         306         305         284         215
         199         314         313         276         275         305         304         215         221
         206         313         312         275         274         304         303         221         219
         207         312         311         274         273         303         302         219         218
         132         213         212         209         208         154         153         181         180
         133         212         211         208         207         153         158         180         179
         140         211         210         207         206         158         156         179         178
         141         210         288         206         287         156         284         178         283
         196         288         276         287         272         284         215         283         244
         197         276         275         272         271         215         221         244         243
         204         275         274         271         270         221         219         243         242
         205         274         273         270         269         219         218         242         241
         150         209         208         205         204         181         180         165         164
         151         208         207         204         203         180         179         164         173
         158         207         206         203         202         179         178         173         169
         159         206         287         202         286         178         283         169         282
         214         287         272         286         268         283         244         282         225
         215         272         271         268         267         244         243         225         236
         222         271         270         267         266         243         242         236         232
         223         270         269         266         265         242         241         232         231
         148         205         204         201         200         165         164         163         162
         149         204         203         200         199         164         173         162         172
         156         203         202         199         198         173         169         172         168
         157         202         286         198         285         169         282         168         281
         212         286         268         285         264         282         225         281         224
         213         268         267         264         263         225         236         224         235
         220         267         266         263         262         236         232         235         230
         221         266         265         262         261         232         231         230         229
           2          15          14          13          12           4           9          11          10
           3          14          23          12          22           9          21          10          20
          10          23          19          22          18          21          16          20          17
          11          19         142          18         141          16         138          17         137
          66         142          75         141          74         138          72         137          73
          67          75          86          74          85          72          84          73          83
          74          86          82          85          81          84          76          83          78
          75          82          80          81          79          76           3          78          77
           0          13          12          39          38          11          10          35          34
           1          12          22          38          37          10          20          34          33
           8          22          18          37          36          20          17          33          32
           9          18         141          36         140          17         137          32         136
          64         141          74         140         102         137          73         136          98
          65          74          85         102         101          73          83          98          97
          72          85          81         101         100          83          78          97          96
          73          81          79         100          99          78          77          96          95
          18          39          38          27          26          35          34          25          24
          19          38          37          26          31          34          33          24          30
          26          37          36          31          29          33          32          30          28
          27          36         140          29         139          32         136          28         135
          82         140         102         139          88         136          98         135          87
          83         102         101          88          94          98          97          87          93
          90         101         100          94          92          97          96          93          90
          91         100          99          92          91          96          95          90          89
          16          27          26         310         309          25          24         301         300
          17          26          31         309         308          24          30         300         299
          24          31          29         308         307          30          28         299         298
          25          29         139         307         306          28         135         298         297
          80         139          88         306         305         135          87         297         296
          81          88          94         305         304          87          93         296         295
          88          94          92         304         303          93          90         295         294
          89          92          91         303         302          90          89         294         293
         130         310         309         154         153         301         300         152         151
         131         309         308         153         158         300         299         151         157
         138         308         307         158         156         299         298         157         155
         139         307         306         156         284         298         297         155         280
         194         306         305         284         215         297         296         280         214
         195         305         304         215         221         296         295         214         220
         202         304         303         221         219         295         294         220         217
         203         303         302         219         218         294         293         217         216
         128         154         153         181         180         152         151         177         176
         129         153         158         180         179         151         157         176         175
         136         158         156         179         178         157         155         175         174
         137         156         284         178         283         155         280         174         279
         192         284         215         283         244         280         214         279         240
         193         215         221         244         243         214         220         240         239
         200         221         219         243         242         220         217         239         238
         201         219         218         242         241         217         216         238         237
         146         181         180         165         164         177         176         161         160
         147         180         179         164         173         176         175         160         171
         154         179         178         173         169         175         174         171         167
         155         178         283         169         282         174         279         167         278
         210         283         244         282         225         279         240         278         223
         211         244         243         225         236         240         239         223         234
         218         243         242         236         232         239         238         234         228
         219         242         241         232         231         238         237         228         227
         144         165         164         163         162         161         160           2         159
         145         164         173         162         172         160         171         159         170
         152         173         169         172         168         171         167         170         166
         153         169         282         168         281         167         278         166         277
         208         282         225         281         224         278         223         277         222
         209         225         236         224         235         223         234         222         233
         216         236         232         235         230         234         228         233         226
         217         232         231         230         229         228         227         226           1
